---
source: tests/cli.rs
info:
  program: zenoh-cli
  args:
    - get
    - foo
---
success: true
exit_code: 0
----- stdout -----
no replies received

----- stderr -----
